Archive member included to satisfy reference by file (symbol)

/home/chris/Dropbox/Spring 2018/DDL/Workspace/CMSIS_CORE_LPC11xx/Debug/libCMSIS_CORE_LPC11xx.a(system_LPC11xx.o)
                              ./src/cr_startup_lpc11.o (SystemInit)
/usr/local/lpcxpresso_8.2.2_650/lpcxpresso/tools/bin/../lib/gcc/arm-none-eabi/5.4.1/../../../../arm-none-eabi/lib/armv6-m/libcr_c.a(__weak__main.o)
                              ./src/cr_startup_lpc11.o (__main)
/usr/local/lpcxpresso_8.2.2_650/lpcxpresso/tools/bin/../lib/gcc/arm-none-eabi/5.4.1/armv6-m/libcr_eabihelpers.a(division_32.o)
                              /home/chris/Dropbox/Spring 2018/DDL/Workspace/CMSIS_CORE_LPC11xx/Debug/libCMSIS_CORE_LPC11xx.a(system_LPC11xx.o) (__aeabi_uidiv)
/usr/local/lpcxpresso_8.2.2_650/lpcxpresso/tools/bin/../lib/gcc/arm-none-eabi/5.4.1/armv6-m/libcr_eabihelpers.a(division_idiv0.o)
                              /usr/local/lpcxpresso_8.2.2_650/lpcxpresso/tools/bin/../lib/gcc/arm-none-eabi/5.4.1/armv6-m/libcr_eabihelpers.a(division_32.o) (__aeabi_idiv0)
/usr/local/lpcxpresso_8.2.2_650/lpcxpresso/tools/bin/../lib/gcc/arm-none-eabi/5.4.1/armv6-m/libcr_eabihelpers.a(double.o)
                              ./src/Lab3_main.o (__aeabi_dmul)
/usr/local/lpcxpresso_8.2.2_650/lpcxpresso/tools/bin/../lib/gcc/arm-none-eabi/5.4.1/armv6-m/libcr_eabihelpers.a(llong.o)
                              /usr/local/lpcxpresso_8.2.2_650/lpcxpresso/tools/bin/../lib/gcc/arm-none-eabi/5.4.1/armv6-m/libcr_eabihelpers.a(double.o) (__aeabi_lmul)

Discarded input sections

 .group         0x00000000        0x8 ./src/Lab3_main.o
 .group         0x00000000        0x8 ./src/Lab3_main.o
 .group         0x00000000        0x8 ./src/Lab3_main.o
 .group         0x00000000        0x8 ./src/Lab3_main.o
 .group         0x00000000        0x8 ./src/Lab3_main.o
 .group         0x00000000        0x8 ./src/Lab3_main.o
 .group         0x00000000        0x8 ./src/Lab3_main.o
 .group         0x00000000        0x8 ./src/Lab3_main.o
 .group         0x00000000        0x8 ./src/Lab3_main.o
 .group         0x00000000        0x8 ./src/Lab3_main.o
 .text          0x00000000        0x0 ./src/Lab3_main.o
 .data          0x00000000        0x0 ./src/Lab3_main.o
 .bss           0x00000000        0x0 ./src/Lab3_main.o
 .group         0x00000000        0x8 ./src/cr_startup_lpc11.o
 .group         0x00000000        0x8 ./src/cr_startup_lpc11.o
 .group         0x00000000        0x8 ./src/cr_startup_lpc11.o
 .group         0x00000000        0x8 ./src/cr_startup_lpc11.o
 .text          0x00000000        0x0 ./src/cr_startup_lpc11.o
 .data          0x00000000        0x0 ./src/cr_startup_lpc11.o
 .bss           0x00000000        0x0 ./src/cr_startup_lpc11.o
 .debug_macro   0x00000000      0x83e ./src/cr_startup_lpc11.o
 .debug_macro   0x00000000       0x10 ./src/cr_startup_lpc11.o
 .debug_macro   0x00000000      0x12d ./src/cr_startup_lpc11.o
 .debug_macro   0x00000000      0x5b2 ./src/cr_startup_lpc11.o
 .group         0x00000000        0x8 ./src/crp.o
 .group         0x00000000        0x8 ./src/crp.o
 .text          0x00000000        0x0 ./src/crp.o
 .data          0x00000000        0x0 ./src/crp.o
 .bss           0x00000000        0x0 ./src/crp.o
 .debug_macro   0x00000000      0x83e ./src/crp.o
 .group         0x00000000        0x8 /home/chris/Dropbox/Spring 2018/DDL/Workspace/CMSIS_CORE_LPC11xx/Debug/libCMSIS_CORE_LPC11xx.a(system_LPC11xx.o)
 .group         0x00000000        0x8 /home/chris/Dropbox/Spring 2018/DDL/Workspace/CMSIS_CORE_LPC11xx/Debug/libCMSIS_CORE_LPC11xx.a(system_LPC11xx.o)
 .group         0x00000000        0x8 /home/chris/Dropbox/Spring 2018/DDL/Workspace/CMSIS_CORE_LPC11xx/Debug/libCMSIS_CORE_LPC11xx.a(system_LPC11xx.o)
 .group         0x00000000        0x8 /home/chris/Dropbox/Spring 2018/DDL/Workspace/CMSIS_CORE_LPC11xx/Debug/libCMSIS_CORE_LPC11xx.a(system_LPC11xx.o)
 .group         0x00000000        0x8 /home/chris/Dropbox/Spring 2018/DDL/Workspace/CMSIS_CORE_LPC11xx/Debug/libCMSIS_CORE_LPC11xx.a(system_LPC11xx.o)
 .group         0x00000000        0x8 /home/chris/Dropbox/Spring 2018/DDL/Workspace/CMSIS_CORE_LPC11xx/Debug/libCMSIS_CORE_LPC11xx.a(system_LPC11xx.o)
 .group         0x00000000        0x8 /home/chris/Dropbox/Spring 2018/DDL/Workspace/CMSIS_CORE_LPC11xx/Debug/libCMSIS_CORE_LPC11xx.a(system_LPC11xx.o)
 .group         0x00000000        0x8 /home/chris/Dropbox/Spring 2018/DDL/Workspace/CMSIS_CORE_LPC11xx/Debug/libCMSIS_CORE_LPC11xx.a(system_LPC11xx.o)
 .group         0x00000000        0x8 /home/chris/Dropbox/Spring 2018/DDL/Workspace/CMSIS_CORE_LPC11xx/Debug/libCMSIS_CORE_LPC11xx.a(system_LPC11xx.o)
 .text          0x00000000        0x0 /home/chris/Dropbox/Spring 2018/DDL/Workspace/CMSIS_CORE_LPC11xx/Debug/libCMSIS_CORE_LPC11xx.a(system_LPC11xx.o)
 .data          0x00000000        0x0 /home/chris/Dropbox/Spring 2018/DDL/Workspace/CMSIS_CORE_LPC11xx/Debug/libCMSIS_CORE_LPC11xx.a(system_LPC11xx.o)
 .bss           0x00000000        0x0 /home/chris/Dropbox/Spring 2018/DDL/Workspace/CMSIS_CORE_LPC11xx/Debug/libCMSIS_CORE_LPC11xx.a(system_LPC11xx.o)
 .text.SystemCoreClockUpdate
                0x00000000       0xb0 /home/chris/Dropbox/Spring 2018/DDL/Workspace/CMSIS_CORE_LPC11xx/Debug/libCMSIS_CORE_LPC11xx.a(system_LPC11xx.o)
 .rodata.CSWTCH.7
                0x00000000       0x40 /home/chris/Dropbox/Spring 2018/DDL/Workspace/CMSIS_CORE_LPC11xx/Debug/libCMSIS_CORE_LPC11xx.a(system_LPC11xx.o)
 .data.SystemCoreClock
                0x00000000        0x4 /home/chris/Dropbox/Spring 2018/DDL/Workspace/CMSIS_CORE_LPC11xx/Debug/libCMSIS_CORE_LPC11xx.a(system_LPC11xx.o)
 .debug_macro   0x00000000       0x10 /home/chris/Dropbox/Spring 2018/DDL/Workspace/CMSIS_CORE_LPC11xx/Debug/libCMSIS_CORE_LPC11xx.a(system_LPC11xx.o)
 .debug_macro   0x00000000      0x12d /home/chris/Dropbox/Spring 2018/DDL/Workspace/CMSIS_CORE_LPC11xx/Debug/libCMSIS_CORE_LPC11xx.a(system_LPC11xx.o)
 .debug_macro   0x00000000      0x5b2 /home/chris/Dropbox/Spring 2018/DDL/Workspace/CMSIS_CORE_LPC11xx/Debug/libCMSIS_CORE_LPC11xx.a(system_LPC11xx.o)
 .debug_macro   0x00000000       0x1c /home/chris/Dropbox/Spring 2018/DDL/Workspace/CMSIS_CORE_LPC11xx/Debug/libCMSIS_CORE_LPC11xx.a(system_LPC11xx.o)
 .debug_macro   0x00000000       0x3a /home/chris/Dropbox/Spring 2018/DDL/Workspace/CMSIS_CORE_LPC11xx/Debug/libCMSIS_CORE_LPC11xx.a(system_LPC11xx.o)
 .debug_macro   0x00000000       0x1f /home/chris/Dropbox/Spring 2018/DDL/Workspace/CMSIS_CORE_LPC11xx/Debug/libCMSIS_CORE_LPC11xx.a(system_LPC11xx.o)
 .debug_macro   0x00000000      0x242 /home/chris/Dropbox/Spring 2018/DDL/Workspace/CMSIS_CORE_LPC11xx/Debug/libCMSIS_CORE_LPC11xx.a(system_LPC11xx.o)
 .debug_macro   0x00000000      0x131 /home/chris/Dropbox/Spring 2018/DDL/Workspace/CMSIS_CORE_LPC11xx/Debug/libCMSIS_CORE_LPC11xx.a(system_LPC11xx.o)
 .text          0x00000000        0x0 /usr/local/lpcxpresso_8.2.2_650/lpcxpresso/tools/bin/../lib/gcc/arm-none-eabi/5.4.1/../../../../arm-none-eabi/lib/armv6-m/libcr_c.a(__weak__main.o)
 .data          0x00000000        0x0 /usr/local/lpcxpresso_8.2.2_650/lpcxpresso/tools/bin/../lib/gcc/arm-none-eabi/5.4.1/../../../../arm-none-eabi/lib/armv6-m/libcr_c.a(__weak__main.o)
 .bss           0x00000000        0x0 /usr/local/lpcxpresso_8.2.2_650/lpcxpresso/tools/bin/../lib/gcc/arm-none-eabi/5.4.1/../../../../arm-none-eabi/lib/armv6-m/libcr_c.a(__weak__main.o)
 .text          0x00000000        0x0 /usr/local/lpcxpresso_8.2.2_650/lpcxpresso/tools/bin/../lib/gcc/arm-none-eabi/5.4.1/armv6-m/libcr_eabihelpers.a(division_32.o)
 .data          0x00000000        0x0 /usr/local/lpcxpresso_8.2.2_650/lpcxpresso/tools/bin/../lib/gcc/arm-none-eabi/5.4.1/armv6-m/libcr_eabihelpers.a(division_32.o)
 .bss           0x00000000        0x0 /usr/local/lpcxpresso_8.2.2_650/lpcxpresso/tools/bin/../lib/gcc/arm-none-eabi/5.4.1/armv6-m/libcr_eabihelpers.a(division_32.o)
 .text.__aeabi_division_idivmod
                0x00000000       0x78 /usr/local/lpcxpresso_8.2.2_650/lpcxpresso/tools/bin/../lib/gcc/arm-none-eabi/5.4.1/armv6-m/libcr_eabihelpers.a(division_32.o)
 .ARM.attributes
                0x00000000       0x21 /usr/local/lpcxpresso_8.2.2_650/lpcxpresso/tools/bin/../lib/gcc/arm-none-eabi/5.4.1/armv6-m/libcr_eabihelpers.a(division_32.o)
 .text          0x00000000        0x0 /usr/local/lpcxpresso_8.2.2_650/lpcxpresso/tools/bin/../lib/gcc/arm-none-eabi/5.4.1/armv6-m/libcr_eabihelpers.a(division_idiv0.o)
 .data          0x00000000        0x0 /usr/local/lpcxpresso_8.2.2_650/lpcxpresso/tools/bin/../lib/gcc/arm-none-eabi/5.4.1/armv6-m/libcr_eabihelpers.a(division_idiv0.o)
 .bss           0x00000000        0x0 /usr/local/lpcxpresso_8.2.2_650/lpcxpresso/tools/bin/../lib/gcc/arm-none-eabi/5.4.1/armv6-m/libcr_eabihelpers.a(division_idiv0.o)
 .text.__aeabi_division_idiv0
                0x00000000        0x2 /usr/local/lpcxpresso_8.2.2_650/lpcxpresso/tools/bin/../lib/gcc/arm-none-eabi/5.4.1/armv6-m/libcr_eabihelpers.a(division_idiv0.o)
 .ARM.attributes
                0x00000000       0x21 /usr/local/lpcxpresso_8.2.2_650/lpcxpresso/tools/bin/../lib/gcc/arm-none-eabi/5.4.1/armv6-m/libcr_eabihelpers.a(division_idiv0.o)
 .text          0x00000000        0x0 /usr/local/lpcxpresso_8.2.2_650/lpcxpresso/tools/bin/../lib/gcc/arm-none-eabi/5.4.1/armv6-m/libcr_eabihelpers.a(double.o)
 .data          0x00000000        0x0 /usr/local/lpcxpresso_8.2.2_650/lpcxpresso/tools/bin/../lib/gcc/arm-none-eabi/5.4.1/armv6-m/libcr_eabihelpers.a(double.o)
 .bss           0x00000000        0x0 /usr/local/lpcxpresso_8.2.2_650/lpcxpresso/tools/bin/../lib/gcc/arm-none-eabi/5.4.1/armv6-m/libcr_eabihelpers.a(double.o)
 .text.__aeabi_ddiv
                0x00000000      0x14c /usr/local/lpcxpresso_8.2.2_650/lpcxpresso/tools/bin/../lib/gcc/arm-none-eabi/5.4.1/armv6-m/libcr_eabihelpers.a(double.o)
 .text.__aeabi_dsub
                0x00000000      0x1c8 /usr/local/lpcxpresso_8.2.2_650/lpcxpresso/tools/bin/../lib/gcc/arm-none-eabi/5.4.1/armv6-m/libcr_eabihelpers.a(double.o)
 .text.__aeabi_dadd
                0x00000000      0x130 /usr/local/lpcxpresso_8.2.2_650/lpcxpresso/tools/bin/../lib/gcc/arm-none-eabi/5.4.1/armv6-m/libcr_eabihelpers.a(double.o)
 .text.__aeabi_drsub
                0x00000000       0x18 /usr/local/lpcxpresso_8.2.2_650/lpcxpresso/tools/bin/../lib/gcc/arm-none-eabi/5.4.1/armv6-m/libcr_eabihelpers.a(double.o)
 .text.__aeabi_dneg
                0x00000000        0xc /usr/local/lpcxpresso_8.2.2_650/lpcxpresso/tools/bin/../lib/gcc/arm-none-eabi/5.4.1/armv6-m/libcr_eabihelpers.a(double.o)
 .text.__aeabi_d2f
                0x00000000       0x64 /usr/local/lpcxpresso_8.2.2_650/lpcxpresso/tools/bin/../lib/gcc/arm-none-eabi/5.4.1/armv6-m/libcr_eabihelpers.a(double.o)
 .text.__aeabi_d2iz
                0x00000000       0x44 /usr/local/lpcxpresso_8.2.2_650/lpcxpresso/tools/bin/../lib/gcc/arm-none-eabi/5.4.1/armv6-m/libcr_eabihelpers.a(double.o)
 .text.__aeabi_d2lz
                0x00000000       0x78 /usr/local/lpcxpresso_8.2.2_650/lpcxpresso/tools/bin/../lib/gcc/arm-none-eabi/5.4.1/armv6-m/libcr_eabihelpers.a(double.o)
 .text.__aeabi_d2ulz
                0x00000000       0x58 /usr/local/lpcxpresso_8.2.2_650/lpcxpresso/tools/bin/../lib/gcc/arm-none-eabi/5.4.1/armv6-m/libcr_eabihelpers.a(double.o)
 .text.__bhs_ul2d
                0x00000000       0xb4 /usr/local/lpcxpresso_8.2.2_650/lpcxpresso/tools/bin/../lib/gcc/arm-none-eabi/5.4.1/armv6-m/libcr_eabihelpers.a(double.o)
 .text.__aeabi_i2d
                0x00000000       0x16 /usr/local/lpcxpresso_8.2.2_650/lpcxpresso/tools/bin/../lib/gcc/arm-none-eabi/5.4.1/armv6-m/libcr_eabihelpers.a(double.o)
 .text.__aeabi_l2d
                0x00000000       0x20 /usr/local/lpcxpresso_8.2.2_650/lpcxpresso/tools/bin/../lib/gcc/arm-none-eabi/5.4.1/armv6-m/libcr_eabihelpers.a(double.o)
 .text.__aeabi_ul2d
                0x00000000        0xc /usr/local/lpcxpresso_8.2.2_650/lpcxpresso/tools/bin/../lib/gcc/arm-none-eabi/5.4.1/armv6-m/libcr_eabihelpers.a(double.o)
 .text.__aeabi_dcmpeq
                0x00000000       0x30 /usr/local/lpcxpresso_8.2.2_650/lpcxpresso/tools/bin/../lib/gcc/arm-none-eabi/5.4.1/armv6-m/libcr_eabihelpers.a(double.o)
 .text.__aeabi_dcmplt
                0x00000000       0x5c /usr/local/lpcxpresso_8.2.2_650/lpcxpresso/tools/bin/../lib/gcc/arm-none-eabi/5.4.1/armv6-m/libcr_eabihelpers.a(double.o)
 .text.__aeabi_dcmpgt
                0x00000000       0x5c /usr/local/lpcxpresso_8.2.2_650/lpcxpresso/tools/bin/../lib/gcc/arm-none-eabi/5.4.1/armv6-m/libcr_eabihelpers.a(double.o)
 .text.__aeabi_dcmple
                0x00000000       0x5c /usr/local/lpcxpresso_8.2.2_650/lpcxpresso/tools/bin/../lib/gcc/arm-none-eabi/5.4.1/armv6-m/libcr_eabihelpers.a(double.o)
 .text.__aeabi_dcmpge
                0x00000000       0x60 /usr/local/lpcxpresso_8.2.2_650/lpcxpresso/tools/bin/../lib/gcc/arm-none-eabi/5.4.1/armv6-m/libcr_eabihelpers.a(double.o)
 .text.__aeabi_dcmpun
                0x00000000       0x18 /usr/local/lpcxpresso_8.2.2_650/lpcxpresso/tools/bin/../lib/gcc/arm-none-eabi/5.4.1/armv6-m/libcr_eabihelpers.a(double.o)
 .text.__aeabi_cdcmple
                0x00000000       0x2e /usr/local/lpcxpresso_8.2.2_650/lpcxpresso/tools/bin/../lib/gcc/arm-none-eabi/5.4.1/armv6-m/libcr_eabihelpers.a(double.o)
 .text.__aeabi_cdrcmple
                0x00000000       0x14 /usr/local/lpcxpresso_8.2.2_650/lpcxpresso/tools/bin/../lib/gcc/arm-none-eabi/5.4.1/armv6-m/libcr_eabihelpers.a(double.o)
 .text          0x00000000        0x0 /usr/local/lpcxpresso_8.2.2_650/lpcxpresso/tools/bin/../lib/gcc/arm-none-eabi/5.4.1/armv6-m/libcr_eabihelpers.a(llong.o)
 .data          0x00000000        0x0 /usr/local/lpcxpresso_8.2.2_650/lpcxpresso/tools/bin/../lib/gcc/arm-none-eabi/5.4.1/armv6-m/libcr_eabihelpers.a(llong.o)
 .bss           0x00000000        0x0 /usr/local/lpcxpresso_8.2.2_650/lpcxpresso/tools/bin/../lib/gcc/arm-none-eabi/5.4.1/armv6-m/libcr_eabihelpers.a(llong.o)
 .text.__aeabi_llong_llsl
                0x00000000       0x18 /usr/local/lpcxpresso_8.2.2_650/lpcxpresso/tools/bin/../lib/gcc/arm-none-eabi/5.4.1/armv6-m/libcr_eabihelpers.a(llong.o)
 .text.__aeabi_llong_llsr
                0x00000000       0x18 /usr/local/lpcxpresso_8.2.2_650/lpcxpresso/tools/bin/../lib/gcc/arm-none-eabi/5.4.1/armv6-m/libcr_eabihelpers.a(llong.o)
 .text.__aeabi_llong_lasr
                0x00000000       0x18 /usr/local/lpcxpresso_8.2.2_650/lpcxpresso/tools/bin/../lib/gcc/arm-none-eabi/5.4.1/armv6-m/libcr_eabihelpers.a(llong.o)
 .text.__aeabi_llong_lcmp
                0x00000000       0x14 /usr/local/lpcxpresso_8.2.2_650/lpcxpresso/tools/bin/../lib/gcc/arm-none-eabi/5.4.1/armv6-m/libcr_eabihelpers.a(llong.o)
 .text.__aeabi_llong_ulcmp
                0x00000000       0x10 /usr/local/lpcxpresso_8.2.2_650/lpcxpresso/tools/bin/../lib/gcc/arm-none-eabi/5.4.1/armv6-m/libcr_eabihelpers.a(llong.o)

Memory Configuration

Name             Origin             Length             Attributes
MFlash64         0x00000000         0x00010000         xr
RamLoc8          0x10000000         0x00002000         xrw
*default*        0x00000000         0xffffffff

Linker script and memory map

LOAD ./src/Lab3_main.o
LOAD ./src/cr_startup_lpc11.o
LOAD ./src/crp.o
LOAD /home/chris/Dropbox/Spring 2018/DDL/Workspace/CMSIS_CORE_LPC11xx/Debug/libCMSIS_CORE_LPC11xx.a
START GROUP
LOAD /usr/local/lpcxpresso_8.2.2_650/lpcxpresso/tools/bin/../lib/gcc/arm-none-eabi/5.4.1/../../../../arm-none-eabi/lib/armv6-m/libcr_c.a
LOAD /usr/local/lpcxpresso_8.2.2_650/lpcxpresso/tools/bin/../lib/gcc/arm-none-eabi/5.4.1/armv6-m/libcr_eabihelpers.a
END GROUP
                0x00000000                __base_MFlash64 = 0x0
                0x00000000                __base_Flash = 0x0
                0x00010000                __top_MFlash64 = 0x10000
                0x00010000                __top_Flash = 0x10000
                0x10000000                __base_RamLoc8 = 0x10000000
                0x10000000                __base_RAM = 0x10000000
                0x10002000                __top_RamLoc8 = 0x10002000
                0x10002000                __top_RAM = 0x10002000

.text           0x00000000      0x9ec
 FILL mask 0xff
                0x00000000                __vectors_start__ = ABSOLUTE (.)
 *(.isr_vector)
 .isr_vector    0x00000000       0xc0 ./src/cr_startup_lpc11.o
                0x00000000                g_pfnVectors
                0x000000c0                . = ALIGN (0x4)
                0x000000c0                __section_table_start = .
                0x000000c0                __data_section_table = .
                0x000000c0        0x4 LONG 0x9ec LOADADDR (.data)
                0x000000c4        0x4 LONG 0x10000000 ADDR (.data)
                0x000000c8        0x4 LONG 0x0 SIZEOF (.data)
                0x000000cc                __data_section_table_end = .
                0x000000cc                __bss_section_table = .
                0x000000cc        0x4 LONG 0x10000000 ADDR (.bss)
                0x000000d0        0x4 LONG 0x1c SIZEOF (.bss)
                0x000000d4                __bss_section_table_end = .
                0x000000d4                __section_table_end = .
 *(.after_vectors*)
                0x000002fc                . = 0x2fc
 *fill*         0x000000d4      0x228 ff
                0x000002fc                PROVIDE (__CRP_WORD_START__, .)
 *(.crp)
 .crp           0x000002fc        0x4 ./src/crp.o
                0x000002fc                CRP_WORD
                0x00000300                PROVIDE (__CRP_WORD_END__, .)
                0x00000001                ASSERT (! ((__CRP_WORD_START__ == __CRP_WORD_END__)), Linker CRP Enabled, but no CRP_WORD provided within application)
 *(.text*)
 .text.NVIC_EnableIRQ
                0x00000300       0x2c ./src/Lab3_main.o
 .text.NVIC_SetPriority
                0x0000032c       0xdc ./src/Lab3_main.o
 .text.GPIOInit
                0x00000408       0xa8 ./src/Lab3_main.o
                0x00000408                GPIOInit
 .text.TIMERInit
                0x000004b0       0x50 ./src/Lab3_main.o
                0x000004b0                TIMERInit
 .text.PIOINT2_IRQHandler
                0x00000500       0x60 ./src/Lab3_main.o
                0x00000500                PIOINT2_IRQHandler
 .text.TIMER32_0_IRQHandler
                0x00000560      0x108 ./src/Lab3_main.o
                0x00000560                TIMER32_0_IRQHandler
 .text.main     0x00000668       0x10 ./src/Lab3_main.o
                0x00000668                main
 .text.ResetISR
                0x00000678       0x60 ./src/cr_startup_lpc11.o
                0x00000678                ResetISR
 .text.NMI_Handler
                0x000006d8        0x8 ./src/cr_startup_lpc11.o
                0x000006d8                NMI_Handler
 .text.HardFault_Handler
                0x000006e0        0x8 ./src/cr_startup_lpc11.o
                0x000006e0                HardFault_Handler
 .text.SVCall_Handler
                0x000006e8        0x8 ./src/cr_startup_lpc11.o
                0x000006e8                SVCall_Handler
 .text.PendSV_Handler
                0x000006f0        0x8 ./src/cr_startup_lpc11.o
                0x000006f0                PendSV_Handler
 .text.SysTick_Handler
                0x000006f8        0x8 ./src/cr_startup_lpc11.o
                0x000006f8                SysTick_Handler
 .text.IntDefaultHandler
                0x00000700        0x8 ./src/cr_startup_lpc11.o
                0x00000700                TIMER16_0_IRQHandler
                0x00000700                UART_IRQHandler
                0x00000700                TIMER32_1_IRQHandler
                0x00000700                IntDefaultHandler
                0x00000700                PIOINT1_IRQHandler
                0x00000700                CAN_IRQHandler
                0x00000700                SSP0_IRQHandler
                0x00000700                TIMER16_1_IRQHandler
                0x00000700                ADC_IRQHandler
                0x00000700                SSP1_IRQHandler
                0x00000700                BOD_IRQHandler
                0x00000700                WAKEUP_IRQHandler
                0x00000700                PIOINT0_IRQHandler
                0x00000700                I2C_IRQHandler
                0x00000700                WDT_IRQHandler
                0x00000700                PIOINT3_IRQHandler
 .text.SystemInit
                0x00000708       0x94 /home/chris/Dropbox/Spring 2018/DDL/Workspace/CMSIS_CORE_LPC11xx/Debug/libCMSIS_CORE_LPC11xx.a(system_LPC11xx.o)
                0x00000708                SystemInit
 .text.__weak_main
                0x0000079c        0x8 /usr/local/lpcxpresso_8.2.2_650/lpcxpresso/tools/bin/../lib/gcc/arm-none-eabi/5.4.1/../../../../arm-none-eabi/lib/armv6-m/libcr_c.a(__weak__main.o)
                0x0000079c                __main
                0x0000079c                __weak_main
 .text.__aeabi_dmul
                0x000007a4      0x17c /usr/local/lpcxpresso_8.2.2_650/lpcxpresso/tools/bin/../lib/gcc/arm-none-eabi/5.4.1/armv6-m/libcr_eabihelpers.a(double.o)
                0x000007a4                __aeabi_dmul
 .text.__aeabi_d2uiz
                0x00000920       0x34 /usr/local/lpcxpresso_8.2.2_650/lpcxpresso/tools/bin/../lib/gcc/arm-none-eabi/5.4.1/armv6-m/libcr_eabihelpers.a(double.o)
                0x00000920                __aeabi_d2uiz
 .text.__bhs_ui2d
                0x00000954       0x5e /usr/local/lpcxpresso_8.2.2_650/lpcxpresso/tools/bin/../lib/gcc/arm-none-eabi/5.4.1/armv6-m/libcr_eabihelpers.a(double.o)
                0x00000954                __bhs_ui2d
 .text.__aeabi_ui2d
                0x000009b2        0xc /usr/local/lpcxpresso_8.2.2_650/lpcxpresso/tools/bin/../lib/gcc/arm-none-eabi/5.4.1/armv6-m/libcr_eabihelpers.a(double.o)
                0x000009b2                __aeabi_ui2d
 .text.__aeabi_llong_lmul
                0x000009be       0x2e /usr/local/lpcxpresso_8.2.2_650/lpcxpresso/tools/bin/../lib/gcc/arm-none-eabi/5.4.1/armv6-m/libcr_eabihelpers.a(llong.o)
                0x000009be                __aeabi_lmul
 *(.rodata .rodata.* .constdata .constdata.*)
                0x000009ec                . = ALIGN (0x4)

.glue_7         0x000009ec        0x0
 .glue_7        0x000009ec        0x0 linker stubs

.glue_7t        0x000009ec        0x0
 .glue_7t       0x000009ec        0x0 linker stubs

.vfp11_veneer   0x000009ec        0x0
 .vfp11_veneer  0x000009ec        0x0 linker stubs

.v4_bx          0x000009ec        0x0
 .v4_bx         0x000009ec        0x0 linker stubs

.iplt           0x000009ec        0x0
 .iplt          0x000009ec        0x0 ./src/Lab3_main.o

.rel.dyn        0x000009ec        0x0
 .rel.iplt      0x000009ec        0x0 ./src/Lab3_main.o

.ARM.extab
 *(.ARM.extab* .gnu.linkonce.armextab.*)
                0x000009ec                __exidx_start = .

.ARM.exidx
 *(.ARM.exidx* .gnu.linkonce.armexidx.*)
                0x000009ec                __exidx_end = .
                0x000009ec                _etext = .

.uninit_RESERVED
                0x10000000        0x0
 *(.bss.$RESERVED*)
                0x10000000                . = ALIGN (0x4)
                0x10000000                _end_uninit_RESERVED = .

.data           0x10000000        0x0 load address 0x000009ec
 FILL mask 0xff
                0x10000000                _data = .
 *(vtable)
 *(.ramfunc*)
 *(.data*)
                0x10000000                . = ALIGN (0x4)
                0x10000000                _edata = .

.igot.plt       0x10000000        0x0 load address 0x000009ec
 .igot.plt      0x10000000        0x0 ./src/Lab3_main.o

.bss            0x10000000       0x1c load address 0x000009ec
                0x10000000                _bss = .
 *(.bss*)
 .bss.duty      0x10000000        0x4 ./src/Lab3_main.o
                0x10000000                duty
 .bss.duty25    0x10000004        0x4 ./src/Lab3_main.o
                0x10000004                duty25
 .bss.duty75    0x10000008        0x4 ./src/Lab3_main.o
                0x10000008                duty75
 .bss.toggle_duty
                0x1000000c        0x4 ./src/Lab3_main.o
                0x1000000c                toggle_duty
 .bss.counter   0x10000010        0x4 ./src/Lab3_main.o
                0x10000010                counter
 .bss.counter10sec
                0x10000014        0x4 ./src/Lab3_main.o
                0x10000014                counter10sec
 .bss.timer_yes
                0x10000018        0x4 ./src/Lab3_main.o
                0x10000018                timer_yes
 *(COMMON)
                0x1000001c                . = ALIGN (0x4)
                0x1000001c                _ebss = .
                [!provide]                PROVIDE (end, .)

.noinit         0x1000001c        0x0 load address 0x000009ec
                0x1000001c                _noinit = .
 *(.noinit*)
                0x1000001c                . = ALIGN (0x4)
                0x1000001c                _end_noinit = .
                [!provide]                PROVIDE (_pvHeapStart, DEFINED (__user_heap_base)?__user_heap_base:.)
                0x10002000                PROVIDE (_vStackTop, DEFINED (__user_stack_top)?__user_stack_top:(__top_RamLoc8 - 0x0))
                [!provide]                PROVIDE (__valid_user_code_checksum, (0x0 - (((_vStackTop + (ResetISR + 0x1)) + (DEFINED (NMI_Handler)?NMI_Handler:M0_NMI_Handler + 0x1)) + (DEFINED (HardFault_Handler)?HardFault_Handler:M0_HardFault_Handler + 0x1))))
OUTPUT(Lab3.axf elf32-littlearm)

.debug_info     0x00000000      0xfd9
 .debug_info    0x00000000      0x9b9 ./src/Lab3_main.o
 .debug_info    0x000009b9      0x18b ./src/cr_startup_lpc11.o
 .debug_info    0x00000b44       0x3f ./src/crp.o
 .debug_info    0x00000b83      0x456 /home/chris/Dropbox/Spring 2018/DDL/Workspace/CMSIS_CORE_LPC11xx/Debug/libCMSIS_CORE_LPC11xx.a(system_LPC11xx.o)

.debug_abbrev   0x00000000      0x3b5
 .debug_abbrev  0x00000000      0x1c0 ./src/Lab3_main.o
 .debug_abbrev  0x000001c0       0xb9 ./src/cr_startup_lpc11.o
 .debug_abbrev  0x00000279       0x36 ./src/crp.o
 .debug_abbrev  0x000002af      0x106 /home/chris/Dropbox/Spring 2018/DDL/Workspace/CMSIS_CORE_LPC11xx/Debug/libCMSIS_CORE_LPC11xx.a(system_LPC11xx.o)

.debug_aranges  0x00000000       0xe0
 .debug_aranges
                0x00000000       0x50 ./src/Lab3_main.o
 .debug_aranges
                0x00000050       0x50 ./src/cr_startup_lpc11.o
 .debug_aranges
                0x000000a0       0x18 ./src/crp.o
 .debug_aranges
                0x000000b8       0x28 /home/chris/Dropbox/Spring 2018/DDL/Workspace/CMSIS_CORE_LPC11xx/Debug/libCMSIS_CORE_LPC11xx.a(system_LPC11xx.o)

.debug_ranges   0x00000000       0x98
 .debug_ranges  0x00000000       0x40 ./src/Lab3_main.o
 .debug_ranges  0x00000040       0x40 ./src/cr_startup_lpc11.o
 .debug_ranges  0x00000080       0x18 /home/chris/Dropbox/Spring 2018/DDL/Workspace/CMSIS_CORE_LPC11xx/Debug/libCMSIS_CORE_LPC11xx.a(system_LPC11xx.o)

.debug_macro    0x00000000     0x1e2f
 .debug_macro   0x00000000       0x7f ./src/Lab3_main.o
 .debug_macro   0x0000007f      0x83e ./src/Lab3_main.o
 .debug_macro   0x000008bd       0x1c ./src/Lab3_main.o
 .debug_macro   0x000008d9       0x3a ./src/Lab3_main.o
 .debug_macro   0x00000913       0x10 ./src/Lab3_main.o
 .debug_macro   0x00000923      0x12d ./src/Lab3_main.o
 .debug_macro   0x00000a50      0x5b2 ./src/Lab3_main.o
 .debug_macro   0x00001002       0x1f ./src/Lab3_main.o
 .debug_macro   0x00001021      0x242 ./src/Lab3_main.o
 .debug_macro   0x00001263      0x131 ./src/Lab3_main.o
 .debug_macro   0x00001394       0x82 ./src/Lab3_main.o
 .debug_macro   0x00001416       0x52 ./src/cr_startup_lpc11.o
 .debug_macro   0x00001468       0x1a ./src/crp.o
 .debug_macro   0x00001482       0x34 ./src/crp.o
 .debug_macro   0x000014b6      0x13b /home/chris/Dropbox/Spring 2018/DDL/Workspace/CMSIS_CORE_LPC11xx/Debug/libCMSIS_CORE_LPC11xx.a(system_LPC11xx.o)
 .debug_macro   0x000015f1      0x83e /home/chris/Dropbox/Spring 2018/DDL/Workspace/CMSIS_CORE_LPC11xx/Debug/libCMSIS_CORE_LPC11xx.a(system_LPC11xx.o)

.debug_line     0x00000000      0x734
 .debug_line    0x00000000      0x2a4 ./src/Lab3_main.o
 .debug_line    0x000002a4      0x20c ./src/cr_startup_lpc11.o
 .debug_line    0x000004b0       0x7c ./src/crp.o
 .debug_line    0x0000052c      0x208 /home/chris/Dropbox/Spring 2018/DDL/Workspace/CMSIS_CORE_LPC11xx/Debug/libCMSIS_CORE_LPC11xx.a(system_LPC11xx.o)

.debug_str      0x00000000     0x6102
 .debug_str     0x00000000     0x5a68 ./src/Lab3_main.o
                               0x5aeb (size before relaxing)
 .debug_str     0x00005a68      0x104 ./src/cr_startup_lpc11.o
                               0x3c18 (size before relaxing)
 .debug_str     0x00005b6c       0xe9 ./src/crp.o
                               0x247f (size before relaxing)
 .debug_str     0x00005c55      0x4ad /home/chris/Dropbox/Spring 2018/DDL/Workspace/CMSIS_CORE_LPC11xx/Debug/libCMSIS_CORE_LPC11xx.a(system_LPC11xx.o)
                               0x5715 (size before relaxing)

.comment        0x00000000       0xdc
 .comment       0x00000000       0x6e ./src/Lab3_main.o
                                 0x6f (size before relaxing)
 .comment       0x0000006e       0x6f ./src/cr_startup_lpc11.o
 .comment       0x0000006e       0x6f ./src/crp.o
 .comment       0x0000006e       0x6f /home/chris/Dropbox/Spring 2018/DDL/Workspace/CMSIS_CORE_LPC11xx/Debug/libCMSIS_CORE_LPC11xx.a(system_LPC11xx.o)
 .comment       0x0000006e       0x6e /usr/local/lpcxpresso_8.2.2_650/lpcxpresso/tools/bin/../lib/gcc/arm-none-eabi/5.4.1/../../../../arm-none-eabi/lib/armv6-m/libcr_c.a(__weak__main.o)
                                 0x6f (size before relaxing)
 .comment       0x000000dc       0x6f /usr/local/lpcxpresso_8.2.2_650/lpcxpresso/tools/bin/../lib/gcc/arm-none-eabi/5.4.1/armv6-m/libcr_eabihelpers.a(double.o)

.ARM.attributes
                0x00000000       0x2f
 .ARM.attributes
                0x00000000       0x31 ./src/Lab3_main.o
 .ARM.attributes
                0x00000031       0x31 ./src/cr_startup_lpc11.o
 .ARM.attributes
                0x00000062       0x31 ./src/crp.o
 .ARM.attributes
                0x00000093       0x31 /home/chris/Dropbox/Spring 2018/DDL/Workspace/CMSIS_CORE_LPC11xx/Debug/libCMSIS_CORE_LPC11xx.a(system_LPC11xx.o)
 .ARM.attributes
                0x000000c4       0x31 /usr/local/lpcxpresso_8.2.2_650/lpcxpresso/tools/bin/../lib/gcc/arm-none-eabi/5.4.1/../../../../arm-none-eabi/lib/armv6-m/libcr_c.a(__weak__main.o)
 .ARM.attributes
                0x000000f5       0x31 /usr/local/lpcxpresso_8.2.2_650/lpcxpresso/tools/bin/../lib/gcc/arm-none-eabi/5.4.1/armv6-m/libcr_eabihelpers.a(double.o)
 .ARM.attributes
                0x00000126       0x21 /usr/local/lpcxpresso_8.2.2_650/lpcxpresso/tools/bin/../lib/gcc/arm-none-eabi/5.4.1/armv6-m/libcr_eabihelpers.a(llong.o)

.debug_frame    0x00000000      0x1fc
 .debug_frame   0x00000000       0xe4 ./src/Lab3_main.o
 .debug_frame   0x000000e4       0xd8 ./src/cr_startup_lpc11.o
 .debug_frame   0x000001bc       0x40 /home/chris/Dropbox/Spring 2018/DDL/Workspace/CMSIS_CORE_LPC11xx/Debug/libCMSIS_CORE_LPC11xx.a(system_LPC11xx.o)

.debug_loc      0x00000000       0x84
 .debug_loc     0x00000000       0x84 /home/chris/Dropbox/Spring 2018/DDL/Workspace/CMSIS_CORE_LPC11xx/Debug/libCMSIS_CORE_LPC11xx.a(system_LPC11xx.o)
