
Discarded input sections

 .data          0x00000000        0x0 ./src/asm_sum_cm0.o
 .bss           0x00000000        0x0 ./src/asm_sum_cm0.o
 .group         0x00000000        0x8 ./src/cr_startup_lpc11.o
 .text          0x00000000        0x0 ./src/cr_startup_lpc11.o
 .data          0x00000000        0x0 ./src/cr_startup_lpc11.o
 .bss           0x00000000        0x0 ./src/cr_startup_lpc11.o
 .group         0x00000000        0x8 ./src/main.o
 .text          0x00000000        0x0 ./src/main.o
 .data          0x00000000        0x0 ./src/main.o
 .debug_macro   0x00000000      0x832 ./src/main.o

Memory Configuration

Name             Origin             Length             Attributes
MFlash32         0x00000000         0x00008000         xr
RamLoc4          0x10000000         0x00001000         xrw
RamUsb2          0x20004000         0x00000800         xrw
*default*        0x00000000         0xffffffff

Linker script and memory map

LOAD ./src/asm_sum_cm0.o
LOAD ./src/cr_startup_lpc11.o
LOAD ./src/main.o
START GROUP
LOAD /usr/local/lpcxpresso_8.2.2_650/lpcxpresso/tools/bin/../lib/gcc/arm-none-eabi/5.4.1/../../../../arm-none-eabi/lib/armv6-m/libcr_semihost.a
LOAD /usr/local/lpcxpresso_8.2.2_650/lpcxpresso/tools/bin/../lib/gcc/arm-none-eabi/5.4.1/../../../../arm-none-eabi/lib/armv6-m/libcr_c.a
LOAD /usr/local/lpcxpresso_8.2.2_650/lpcxpresso/tools/bin/../lib/gcc/arm-none-eabi/5.4.1/armv6-m/libcr_eabihelpers.a
END GROUP
                0x00000000                __base_MFlash32 = 0x0
                0x00000000                __base_Flash = 0x0
                0x00008000                __top_MFlash32 = 0x8000
                0x00008000                __top_Flash = 0x8000
                0x10000000                __base_RamLoc4 = 0x10000000
                0x10000000                __base_RAM = 0x10000000
                0x10001000                __top_RamLoc4 = 0x10001000
                0x10001000                __top_RAM = 0x10001000
                0x20004000                __base_RamUsb2 = 0x20004000
                0x20004000                __base_RAM2 = 0x20004000
                0x20004800                __top_RamUsb2 = 0x20004800
                0x20004800                __top_RAM2 = 0x20004800

.text           0x00000000      0x1e4
 FILL mask 0xff
                0x00000000                __vectors_start__ = ABSOLUTE (.)
 *(.isr_vector)
 .isr_vector    0x00000000       0xc0 ./src/cr_startup_lpc11.o
                0x00000000                g_pfnVectors
                0x000000c0                . = ALIGN (0x4)
                0x000000c0                __section_table_start = .
                0x000000c0                __data_section_table = .
                0x000000c0        0x4 LONG 0x1e4 LOADADDR (.data)
                0x000000c4        0x4 LONG 0x10000000 ADDR (.data)
                0x000000c8        0x4 LONG 0x0 SIZEOF (.data)
                0x000000cc        0x4 LONG 0x1e4 LOADADDR (.data_RAM2)
                0x000000d0        0x4 LONG 0x20004000 ADDR (.data_RAM2)
                0x000000d4        0x4 LONG 0x0 SIZEOF (.data_RAM2)
                0x000000d8                __data_section_table_end = .
                0x000000d8                __bss_section_table = .
                0x000000d8        0x4 LONG 0x10000000 ADDR (.bss)
                0x000000dc        0x4 LONG 0x4 SIZEOF (.bss)
                0x000000e0        0x4 LONG 0x20004000 ADDR (.bss_RAM2)
                0x000000e4        0x4 LONG 0x0 SIZEOF (.bss_RAM2)
                0x000000e8                __bss_section_table_end = .
                0x000000e8                __section_table_end = .
 *(.after_vectors*)
 *(.text*)
 .text          0x000000e8       0x18 ./src/asm_sum_cm0.o
                0x000000e8                asm_sum
 .text.Reset_Handler
                0x00000100       0x6c ./src/cr_startup_lpc11.o
                0x00000100                Reset_Handler
                0x00000100                ResetISR
 .text.NMI_Handler
                0x0000016c        0x8 ./src/cr_startup_lpc11.o
                0x0000016c                NMI_Handler
 .text.HardFault_Handler
                0x00000174        0x8 ./src/cr_startup_lpc11.o
                0x00000174                HardFault_Handler
 .text.SVCall_Handler
                0x0000017c        0x8 ./src/cr_startup_lpc11.o
                0x0000017c                SVCall_Handler
 .text.PendSV_Handler
                0x00000184        0x8 ./src/cr_startup_lpc11.o
                0x00000184                PendSV_Handler
 .text.SysTick_Handler
                0x0000018c        0x8 ./src/cr_startup_lpc11.o
                0x0000018c                SysTick_Handler
 .text.IntDefaultHandler
                0x00000194        0x8 ./src/cr_startup_lpc11.o
                0x00000194                TIMER16_0_IRQHandler
                0x00000194                UART_IRQHandler
                0x00000194                TIMER32_0_IRQHandler
                0x00000194                TIMER32_1_IRQHandler
                0x00000194                IntDefaultHandler
                0x00000194                PIOINT1_IRQHandler
                0x00000194                SSP_IRQHandler
                0x00000194                TIMER16_1_IRQHandler
                0x00000194                USB_FIQHandler
                0x00000194                ADC_IRQHandler
                0x00000194                PIOINT2_IRQHandler
                0x00000194                USB_IRQHandler
                0x00000194                BOD_IRQHandler
                0x00000194                WAKEUP_IRQHandler
                0x00000194                PIOINT0_IRQHandler
                0x00000194                I2C_IRQHandler
                0x00000194                WDT_IRQHandler
                0x00000194                PIOINT3_IRQHandler
                0x00000194                FMC_IRQHandler
 .text.sum      0x0000019c       0x18 ./src/main.o
                0x0000019c                sum
 .text.main     0x000001b4       0x30 ./src/main.o
                0x000001b4                main
 *(.rodata .rodata.* .constdata .constdata.*)
                0x000001e4                . = ALIGN (0x4)

.glue_7         0x000001e4        0x0
 .glue_7        0x000001e4        0x0 linker stubs

.glue_7t        0x000001e4        0x0
 .glue_7t       0x000001e4        0x0 linker stubs

.vfp11_veneer   0x000001e4        0x0
 .vfp11_veneer  0x000001e4        0x0 linker stubs

.v4_bx          0x000001e4        0x0
 .v4_bx         0x000001e4        0x0 linker stubs

.iplt           0x000001e4        0x0
 .iplt          0x000001e4        0x0 ./src/asm_sum_cm0.o

.rel.dyn        0x000001e4        0x0
 .rel.iplt      0x000001e4        0x0 ./src/asm_sum_cm0.o

.ARM.extab
 *(.ARM.extab* .gnu.linkonce.armextab.*)
                0x000001e4                __exidx_start = .

.ARM.exidx
 *(.ARM.exidx* .gnu.linkonce.armexidx.*)
                0x000001e4                __exidx_end = .
                0x000001e4                _etext = .

.data_RAM2      0x20004000        0x0 load address 0x000001e4
 FILL mask 0xff
                [!provide]                PROVIDE (__start_data_RAM2, .)
 *(.ramfunc.$RAM2)
 *(.ramfunc.$RamUsb2)
 *(.data.$RAM2*)
 *(.data.$RamUsb2*)
                0x20004000                . = ALIGN (0x4)
                [!provide]                PROVIDE (__end_data_RAM2, .)

.uninit_RESERVED
                0x10000000        0x0
 *(.bss.$RESERVED*)
                0x10000000                . = ALIGN (0x4)
                0x10000000                _end_uninit_RESERVED = .

.data           0x10000000        0x0 load address 0x000001e4
 FILL mask 0xff
                0x10000000                _data = .
 *(vtable)
 *(.ramfunc*)
 *(.data*)
                0x10000000                . = ALIGN (0x4)
                0x10000000                _edata = .

.igot.plt       0x10000000        0x0 load address 0x000001e4
 .igot.plt      0x10000000        0x0 ./src/asm_sum_cm0.o

.bss_RAM2       0x20004000        0x0
                [!provide]                PROVIDE (__start_bss_RAM2, .)
 *(.bss.$RAM2*)
 *(.bss.$RamUsb2*)
                0x20004000                . = ALIGN ((. != 0x0)?0x4:0x1)
                [!provide]                PROVIDE (__end_bss_RAM2, .)

.bss            0x10000000        0x4
                0x10000000                _bss = .
 *(.bss*)
 .bss           0x10000000        0x4 ./src/main.o
 *(COMMON)
                0x10000004                . = ALIGN (0x4)
                0x10000004                _ebss = .
                [!provide]                PROVIDE (end, .)

.noinit_RAM2    0x20004000        0x0
 *(.noinit.$RAM2*)
 *(.noinit.$RamUsb2*)
                0x20004000                . = ALIGN (0x4)

.noinit         0x10000004        0x0
                0x10000004                _noinit = .
 *(.noinit*)
                0x10000004                . = ALIGN (0x4)
                0x10000004                _end_noinit = .
                [!provide]                PROVIDE (_pvHeapStart, DEFINED (__user_heap_base)?__user_heap_base:.)
                0x10001000                PROVIDE (_vStackTop, DEFINED (__user_stack_top)?__user_stack_top:(__top_RamLoc4 - 0x0))
                [!provide]                PROVIDE (__valid_user_code_checksum, (0x0 - (((_vStackTop + (ResetISR + 0x1)) + (DEFINED (NMI_Handler)?NMI_Handler:M0_NMI_Handler + 0x1)) + (DEFINED (HardFault_Handler)?HardFault_Handler:M0_HardFault_Handler + 0x1))))
OUTPUT(asm_xample11.axf elf32-littlearm)

.ARM.attributes
                0x00000000       0x2d
 .ARM.attributes
                0x00000000       0x21 ./src/asm_sum_cm0.o
 .ARM.attributes
                0x00000021       0x31 ./src/cr_startup_lpc11.o
 .ARM.attributes
                0x00000052       0x31 ./src/main.o

.comment        0x00000000       0x6e
 .comment       0x00000000       0x6e ./src/cr_startup_lpc11.o
                                 0x6f (size before relaxing)
 .comment       0x0000006e       0x6f ./src/main.o

.debug_line     0x00000000      0x18f
 .debug_line    0x00000000       0x4d ./src/asm_sum_cm0.o
 .debug_line    0x0000004d       0xec ./src/cr_startup_lpc11.o
 .debug_line    0x00000139       0x56 ./src/main.o

.debug_info     0x00000000      0x273
 .debug_info    0x00000000       0x7e ./src/asm_sum_cm0.o
 .debug_info    0x0000007e      0x14a ./src/cr_startup_lpc11.o
 .debug_info    0x000001c8       0xab ./src/main.o

.debug_abbrev   0x00000000      0x177
 .debug_abbrev  0x00000000       0x14 ./src/asm_sum_cm0.o
 .debug_abbrev  0x00000014       0xd5 ./src/cr_startup_lpc11.o
 .debug_abbrev  0x000000e9       0x8e ./src/main.o

.debug_aranges  0x00000000       0x98
 .debug_aranges
                0x00000000       0x20 ./src/asm_sum_cm0.o
 .debug_aranges
                0x00000020       0x50 ./src/cr_startup_lpc11.o
 .debug_aranges
                0x00000070       0x28 ./src/main.o

.debug_ranges   0x00000000       0x58
 .debug_ranges  0x00000000       0x40 ./src/cr_startup_lpc11.o
 .debug_ranges  0x00000040       0x18 ./src/main.o

.debug_macro    0x00000000      0x860
 .debug_macro   0x00000000       0x1d ./src/cr_startup_lpc11.o
 .debug_macro   0x0000001d      0x832 ./src/cr_startup_lpc11.o
 .debug_macro   0x0000084f       0x11 ./src/main.o

.debug_str      0x00000000     0x2473
 .debug_str     0x00000000     0x245b ./src/cr_startup_lpc11.o
                               0x2469 (size before relaxing)
 .debug_str     0x0000245b       0x18 ./src/main.o
                               0x2356 (size before relaxing)

.debug_frame    0x00000000      0x128
 .debug_frame   0x00000000       0xd8 ./src/cr_startup_lpc11.o
 .debug_frame   0x000000d8       0x50 ./src/main.o
